Name                                                                                                                             Owner                                                                                                                            Type                            Created_datetime
-------------------------------------------------------------------------------------------------------------------------------- -------------------------------------------------------------------------------------------------------------------------------- ------------------------------- -----------------------
Employee                                                                                                                         dbo                                                                                                                              user table                      2022-03-13 12:16:16.937

 
 
Column_name                                                                                                                      Type                                                                                                                             Computed                            Length      Prec  Scale Nullable                            TrimTrailingBlanks                  FixedLenNullInSource                Collation
-------------------------------------------------------------------------------------------------------------------------------- -------------------------------------------------------------------------------------------------------------------------------- ----------------------------------- ----------- ----- ----- ----------------------------------- ----------------------------------- ----------------------------------- --------------------------------------------------------------------------------------------------------------------------------
Employee_Id                                                                                                                      int                                                                                                                              no                                  4           10    0     no                                  (n/a)                               (n/a)                               NULL
Employee_Name                                                                                                                    varchar                                                                                                                          no                                  50                      yes                                 no                                  yes                                 SQL_Latin1_General_CP1_CI_AS
Employee_Surname                                                                                                                 varchar                                                                                                                          no                                  50                      yes                                 no                                  yes                                 SQL_Latin1_General_CP1_CI_AS
Employee_Designation                                                                                                             varchar                                                                                                                          no                                  50                      yes                                 no                                  yes                                 SQL_Latin1_General_CP1_CI_AS
Employee_Email                                                                                                                   varchar                                                                                                                          no                                  50                      yes                                 no                                  yes                                 SQL_Latin1_General_CP1_CI_AS
Emp_ID                                                                                                                           varchar                                                                                                                          no                                  50                      yes                                 no                                  yes                                 SQL_Latin1_General_CP1_CI_AS
Gender                                                                                                                           varchar                                                                                                                          no                                  50                      yes                                 no                                  yes                                 SQL_Latin1_General_CP1_CI_AS
Address                                                                                                                          varchar                                                                                                                          no                                  50                      yes                                 no                                  yes                                 SQL_Latin1_General_CP1_CI_AS

 
Identity                                                                                                                         Seed                                    Increment                               Not For Replication
-------------------------------------------------------------------------------------------------------------------------------- --------------------------------------- --------------------------------------- -------------------
Employee_Id                                                                                                                      1                                       1                                       0

 
RowGuidCol
--------------------------------------------------------------------------------------------------------------------------------
No rowguidcol column defined.

 
Data_located_on_filegroup
--------------------------------------------------------------------------------------------------------------------------------
PRIMARY

 
index_name                                                                                                                       index_description                                                                                                                                                                                                  index_keys
-------------------------------------------------------------------------------------------------------------------------------- ------------------------------------------------------------------------------------------------------------------------------------------------------------------------------------------------------------------ ----------------------------------------------------------------------------------------------------------------------------------------------------------------------------------------------------------------------------------------------------------------
PK__Employee__781134A12C6AEB8E                                                                                                   clustered, unique, primary key located on PRIMARY                                                                                                                                                                  Employee_Id

 
constraint_type                                                                                                                                                                                                                                                  constraint_name                                                                                                                  delete_action update_action status_enabled status_for_replication constraint_keys
---------------------------------------------------------------------------------------------------------------------------------------------------------------------------------------------------------------------------------------------------------------- -------------------------------------------------------------------------------------------------------------------------------- ------------- ------------- -------------- ---------------------- ----------------------------------------------------------------------------------------------------------------------------------------------------------------------------------------------------------------------------------------------------------------
PRIMARY KEY (clustered)                                                                                                                                                                                                                                          PK__Employee__781134A12C6AEB8E                                                                                                   (n/a)         (n/a)         (n/a)          (n/a)                  Employee_Id

 
Nessuna chiave esterna fa riferimento alla tabella 'employee' oppure non di dispone delle autorizzazioni per le tabelle di riferimento.
Nessuna vista con associazione di schema fa riferimento alla tabella 'employee'.

Completion time: 2022-03-14T08:04:56.5337668+01:00
